Status: 0\nProgress: 0\nSuggest: 0\nStats: 0\nInit: 0\nLearn: 0\nExport: 0\n